ARM GAS  C:\Users\jzapn\AppData\Local\Temp\ccibSckc.s 			page 1


   1              		.syntax unified
   2              		.cpu cortex-m0
   3              		.fpu softvfp
   4              		.eabi_attribute 20, 1
   5              		.eabi_attribute 21, 1
   6              		.eabi_attribute 23, 3
   7              		.eabi_attribute 24, 1
   8              		.eabi_attribute 25, 1
   9              		.eabi_attribute 26, 1
  10              		.eabi_attribute 30, 1
  11              		.eabi_attribute 34, 0
  12              		.eabi_attribute 18, 4
  13              		.thumb
  14              		.syntax unified
  15              		.file	"cyfitter_cfg.c"
  16              		.text
  17              	.Ltext0:
  18              		.cfi_sections	.debug_frame
  19              		.section	.text.CYMEMZERO,"ax",%progbits
  20              		.align	2
  21              		.code	16
  22              		.thumb_func
  23              		.type	CYMEMZERO, %function
  24              	CYMEMZERO:
  25              	.LFB0:
  26              		.file 1 "Generated_Source\\PSoC4\\cyfitter_cfg.c"
   1:Generated_Source\PSoC4/cyfitter_cfg.c **** 
   2:Generated_Source\PSoC4/cyfitter_cfg.c **** /*******************************************************************************
   3:Generated_Source\PSoC4/cyfitter_cfg.c **** * File Name: cyfitter_cfg.c
   4:Generated_Source\PSoC4/cyfitter_cfg.c **** * 
   5:Generated_Source\PSoC4/cyfitter_cfg.c **** * PSoC Creator  4.4
   6:Generated_Source\PSoC4/cyfitter_cfg.c **** *
   7:Generated_Source\PSoC4/cyfitter_cfg.c **** * Description:
   8:Generated_Source\PSoC4/cyfitter_cfg.c **** * This file contains device initialization code.
   9:Generated_Source\PSoC4/cyfitter_cfg.c **** * Except for the user defined sections in CyClockStartupError(), this file should not be modified.
  10:Generated_Source\PSoC4/cyfitter_cfg.c **** * This file is automatically generated by PSoC Creator.
  11:Generated_Source\PSoC4/cyfitter_cfg.c **** *
  12:Generated_Source\PSoC4/cyfitter_cfg.c **** ********************************************************************************
  13:Generated_Source\PSoC4/cyfitter_cfg.c **** * Copyright (c) 2007-2020 Cypress Semiconductor.  All rights reserved.
  14:Generated_Source\PSoC4/cyfitter_cfg.c **** * You may use this file only in accordance with the license, terms, conditions, 
  15:Generated_Source\PSoC4/cyfitter_cfg.c **** * disclaimers, and limitations in the end user license agreement accompanying 
  16:Generated_Source\PSoC4/cyfitter_cfg.c **** * the software package with which this file was provided.
  17:Generated_Source\PSoC4/cyfitter_cfg.c **** ********************************************************************************/
  18:Generated_Source\PSoC4/cyfitter_cfg.c **** 
  19:Generated_Source\PSoC4/cyfitter_cfg.c **** #include <string.h>
  20:Generated_Source\PSoC4/cyfitter_cfg.c **** #include "cytypes.h"
  21:Generated_Source\PSoC4/cyfitter_cfg.c **** #include "cydevice_trm.h"
  22:Generated_Source\PSoC4/cyfitter_cfg.c **** #include "cyfitter.h"
  23:Generated_Source\PSoC4/cyfitter_cfg.c **** #include "CyLib.h"
  24:Generated_Source\PSoC4/cyfitter_cfg.c **** #include "CyLFClk.h"
  25:Generated_Source\PSoC4/cyfitter_cfg.c **** #include "cyfitter_cfg.h"
  26:Generated_Source\PSoC4/cyfitter_cfg.c **** #include "cyapicallbacks.h"
  27:Generated_Source\PSoC4/cyfitter_cfg.c **** 
  28:Generated_Source\PSoC4/cyfitter_cfg.c **** 
  29:Generated_Source\PSoC4/cyfitter_cfg.c **** #if defined(__GNUC__) || defined(__ARMCC_VERSION)
  30:Generated_Source\PSoC4/cyfitter_cfg.c ****     #define CYPACKED 
  31:Generated_Source\PSoC4/cyfitter_cfg.c ****     #define CYPACKED_ATTR __attribute__ ((packed))
ARM GAS  C:\Users\jzapn\AppData\Local\Temp\ccibSckc.s 			page 2


  32:Generated_Source\PSoC4/cyfitter_cfg.c ****     #define CYALIGNED __attribute__ ((aligned))
  33:Generated_Source\PSoC4/cyfitter_cfg.c ****     #define CY_CFG_UNUSED __attribute__ ((unused))
  34:Generated_Source\PSoC4/cyfitter_cfg.c ****     #ifndef CY_CFG_SECTION
  35:Generated_Source\PSoC4/cyfitter_cfg.c ****         #define CY_CFG_SECTION __attribute__ ((section(".psocinit")))
  36:Generated_Source\PSoC4/cyfitter_cfg.c ****     #endif
  37:Generated_Source\PSoC4/cyfitter_cfg.c ****     
  38:Generated_Source\PSoC4/cyfitter_cfg.c ****     #if defined(__ARMCC_VERSION)
  39:Generated_Source\PSoC4/cyfitter_cfg.c ****         #define CY_CFG_MEMORY_BARRIER() __memory_changed()
  40:Generated_Source\PSoC4/cyfitter_cfg.c ****     #else
  41:Generated_Source\PSoC4/cyfitter_cfg.c ****         #define CY_CFG_MEMORY_BARRIER() __sync_synchronize()
  42:Generated_Source\PSoC4/cyfitter_cfg.c ****     #endif
  43:Generated_Source\PSoC4/cyfitter_cfg.c ****     
  44:Generated_Source\PSoC4/cyfitter_cfg.c **** #elif defined(__ICCARM__)
  45:Generated_Source\PSoC4/cyfitter_cfg.c ****     #include <intrinsics.h>
  46:Generated_Source\PSoC4/cyfitter_cfg.c **** 
  47:Generated_Source\PSoC4/cyfitter_cfg.c ****     #define CYPACKED __packed
  48:Generated_Source\PSoC4/cyfitter_cfg.c ****     #define CYPACKED_ATTR 
  49:Generated_Source\PSoC4/cyfitter_cfg.c ****     #define CYALIGNED _Pragma("data_alignment=4")
  50:Generated_Source\PSoC4/cyfitter_cfg.c ****     #define CY_CFG_UNUSED _Pragma("diag_suppress=Pe177")
  51:Generated_Source\PSoC4/cyfitter_cfg.c ****     #define CY_CFG_SECTION _Pragma("location=\".psocinit\"")
  52:Generated_Source\PSoC4/cyfitter_cfg.c ****     
  53:Generated_Source\PSoC4/cyfitter_cfg.c ****     #define CY_CFG_MEMORY_BARRIER() __DMB()
  54:Generated_Source\PSoC4/cyfitter_cfg.c ****     
  55:Generated_Source\PSoC4/cyfitter_cfg.c **** #else
  56:Generated_Source\PSoC4/cyfitter_cfg.c ****     #error Unsupported toolchain
  57:Generated_Source\PSoC4/cyfitter_cfg.c **** #endif
  58:Generated_Source\PSoC4/cyfitter_cfg.c **** 
  59:Generated_Source\PSoC4/cyfitter_cfg.c **** #ifndef CYCODE
  60:Generated_Source\PSoC4/cyfitter_cfg.c ****     #define CYCODE
  61:Generated_Source\PSoC4/cyfitter_cfg.c **** #endif
  62:Generated_Source\PSoC4/cyfitter_cfg.c **** #ifndef CYDATA
  63:Generated_Source\PSoC4/cyfitter_cfg.c ****     #define CYDATA
  64:Generated_Source\PSoC4/cyfitter_cfg.c **** #endif
  65:Generated_Source\PSoC4/cyfitter_cfg.c **** #ifndef CYFAR
  66:Generated_Source\PSoC4/cyfitter_cfg.c ****     #define CYFAR
  67:Generated_Source\PSoC4/cyfitter_cfg.c **** #endif
  68:Generated_Source\PSoC4/cyfitter_cfg.c **** #ifndef CYXDATA
  69:Generated_Source\PSoC4/cyfitter_cfg.c ****     #define CYXDATA
  70:Generated_Source\PSoC4/cyfitter_cfg.c **** #endif
  71:Generated_Source\PSoC4/cyfitter_cfg.c **** 
  72:Generated_Source\PSoC4/cyfitter_cfg.c **** 
  73:Generated_Source\PSoC4/cyfitter_cfg.c **** CY_CFG_UNUSED
  74:Generated_Source\PSoC4/cyfitter_cfg.c **** static void CYMEMZERO(void *s, size_t n);
  75:Generated_Source\PSoC4/cyfitter_cfg.c **** CY_CFG_UNUSED
  76:Generated_Source\PSoC4/cyfitter_cfg.c **** static void CYMEMZERO(void *s, size_t n)
  77:Generated_Source\PSoC4/cyfitter_cfg.c **** {
  27              		.loc 1 77 0
  28              		.cfi_startproc
  29              		@ args = 0, pretend = 0, frame = 0
  30              		@ frame_needed = 0, uses_anonymous_args = 0
  31              	.LVL0:
  32 0000 10B5     		push	{r4, lr}
  33              		.cfi_def_cfa_offset 8
  34              		.cfi_offset 4, -8
  35              		.cfi_offset 14, -4
  36 0002 0A00     		movs	r2, r1
  78:Generated_Source\PSoC4/cyfitter_cfg.c **** 	(void)memset(s, 0, n);
ARM GAS  C:\Users\jzapn\AppData\Local\Temp\ccibSckc.s 			page 3


  37              		.loc 1 78 0
  38 0004 0021     		movs	r1, #0
  39              	.LVL1:
  40 0006 FFF7FEFF 		bl	memset
  41              	.LVL2:
  79:Generated_Source\PSoC4/cyfitter_cfg.c **** }
  42              		.loc 1 79 0
  43              		@ sp needed
  44 000a 10BD     		pop	{r4, pc}
  45              		.cfi_endproc
  46              	.LFE0:
  47              		.size	CYMEMZERO, .-CYMEMZERO
  48              		.section	.psocinit,"ax",%progbits
  49              		.align	2
  50              		.code	16
  51              		.thumb_func
  52              		.type	ClockSetup, %function
  53              	ClockSetup:
  54              	.LFB3:
  80:Generated_Source\PSoC4/cyfitter_cfg.c **** CY_CFG_UNUSED
  81:Generated_Source\PSoC4/cyfitter_cfg.c **** static void CYCONFIGCPY(void *dest, const void *src, size_t n);
  82:Generated_Source\PSoC4/cyfitter_cfg.c **** CY_CFG_UNUSED
  83:Generated_Source\PSoC4/cyfitter_cfg.c **** static void CYCONFIGCPY(void *dest, const void *src, size_t n)
  84:Generated_Source\PSoC4/cyfitter_cfg.c **** {
  85:Generated_Source\PSoC4/cyfitter_cfg.c **** 	(void)memcpy(dest, src, n);
  86:Generated_Source\PSoC4/cyfitter_cfg.c **** }
  87:Generated_Source\PSoC4/cyfitter_cfg.c **** CY_CFG_UNUSED
  88:Generated_Source\PSoC4/cyfitter_cfg.c **** static void CYCONFIGCPYCODE(void *dest, const void *src, size_t n);
  89:Generated_Source\PSoC4/cyfitter_cfg.c **** CY_CFG_UNUSED
  90:Generated_Source\PSoC4/cyfitter_cfg.c **** static void CYCONFIGCPYCODE(void *dest, const void *src, size_t n)
  91:Generated_Source\PSoC4/cyfitter_cfg.c **** {
  92:Generated_Source\PSoC4/cyfitter_cfg.c **** 	(void)memcpy(dest, src, n);
  93:Generated_Source\PSoC4/cyfitter_cfg.c **** }
  94:Generated_Source\PSoC4/cyfitter_cfg.c **** 
  95:Generated_Source\PSoC4/cyfitter_cfg.c **** 
  96:Generated_Source\PSoC4/cyfitter_cfg.c **** 
  97:Generated_Source\PSoC4/cyfitter_cfg.c **** 
  98:Generated_Source\PSoC4/cyfitter_cfg.c **** /* Clock startup error codes                                                   */
  99:Generated_Source\PSoC4/cyfitter_cfg.c **** #define CYCLOCKSTART_NO_ERROR    0u
 100:Generated_Source\PSoC4/cyfitter_cfg.c **** #define CYCLOCKSTART_XTAL_ERROR  1u
 101:Generated_Source\PSoC4/cyfitter_cfg.c **** #define CYCLOCKSTART_32KHZ_ERROR 2u
 102:Generated_Source\PSoC4/cyfitter_cfg.c **** #define CYCLOCKSTART_PLL_ERROR   3u
 103:Generated_Source\PSoC4/cyfitter_cfg.c **** #define CYCLOCKSTART_FLL_ERROR   4u
 104:Generated_Source\PSoC4/cyfitter_cfg.c **** #define CYCLOCKSTART_WCO_ERROR   5u
 105:Generated_Source\PSoC4/cyfitter_cfg.c **** 
 106:Generated_Source\PSoC4/cyfitter_cfg.c **** 
 107:Generated_Source\PSoC4/cyfitter_cfg.c **** #ifdef CY_NEED_CYCLOCKSTARTUPERROR
 108:Generated_Source\PSoC4/cyfitter_cfg.c **** /*******************************************************************************
 109:Generated_Source\PSoC4/cyfitter_cfg.c **** * Function Name: CyClockStartupError
 110:Generated_Source\PSoC4/cyfitter_cfg.c **** ********************************************************************************
 111:Generated_Source\PSoC4/cyfitter_cfg.c **** * Summary:
 112:Generated_Source\PSoC4/cyfitter_cfg.c **** *  If an error is encountered during clock configuration (crystal startup error,
 113:Generated_Source\PSoC4/cyfitter_cfg.c **** *  PLL lock error, etc.), the system will end up here.  Unless reimplemented by
 114:Generated_Source\PSoC4/cyfitter_cfg.c **** *  the customer, this function will stop in an infinite loop.
 115:Generated_Source\PSoC4/cyfitter_cfg.c **** *
 116:Generated_Source\PSoC4/cyfitter_cfg.c **** * Parameters:
 117:Generated_Source\PSoC4/cyfitter_cfg.c **** *   void
ARM GAS  C:\Users\jzapn\AppData\Local\Temp\ccibSckc.s 			page 4


 118:Generated_Source\PSoC4/cyfitter_cfg.c **** *
 119:Generated_Source\PSoC4/cyfitter_cfg.c **** * Return:
 120:Generated_Source\PSoC4/cyfitter_cfg.c **** *   void
 121:Generated_Source\PSoC4/cyfitter_cfg.c **** *
 122:Generated_Source\PSoC4/cyfitter_cfg.c **** *******************************************************************************/
 123:Generated_Source\PSoC4/cyfitter_cfg.c **** CY_CFG_UNUSED
 124:Generated_Source\PSoC4/cyfitter_cfg.c **** static void CyClockStartupError(uint8 errorCode);
 125:Generated_Source\PSoC4/cyfitter_cfg.c **** CY_CFG_UNUSED
 126:Generated_Source\PSoC4/cyfitter_cfg.c **** static void CyClockStartupError(uint8 errorCode)
 127:Generated_Source\PSoC4/cyfitter_cfg.c **** {
 128:Generated_Source\PSoC4/cyfitter_cfg.c ****     /* To remove the compiler warning if errorCode not used.                */
 129:Generated_Source\PSoC4/cyfitter_cfg.c ****     errorCode = errorCode;
 130:Generated_Source\PSoC4/cyfitter_cfg.c **** 
 131:Generated_Source\PSoC4/cyfitter_cfg.c ****     /* If we have a clock startup error (bad MHz crystal, PLL lock, etc.),  */
 132:Generated_Source\PSoC4/cyfitter_cfg.c ****     /* we will end up here to allow the customer to implement something to  */
 133:Generated_Source\PSoC4/cyfitter_cfg.c ****     /* deal with the clock condition.                                       */
 134:Generated_Source\PSoC4/cyfitter_cfg.c **** 
 135:Generated_Source\PSoC4/cyfitter_cfg.c **** #ifdef CY_CFG_CLOCK_STARTUP_ERROR_CALLBACK
 136:Generated_Source\PSoC4/cyfitter_cfg.c ****     CY_CFG_Clock_Startup_ErrorCallback();
 137:Generated_Source\PSoC4/cyfitter_cfg.c **** #else
 138:Generated_Source\PSoC4/cyfitter_cfg.c ****     /*  If not using CY_CFG_CLOCK_STARTUP_ERROR_CALLBACK, place your clock startup code here. */
 139:Generated_Source\PSoC4/cyfitter_cfg.c ****     /* `#START CyClockStartupError` */
 140:Generated_Source\PSoC4/cyfitter_cfg.c **** 
 141:Generated_Source\PSoC4/cyfitter_cfg.c **** 
 142:Generated_Source\PSoC4/cyfitter_cfg.c **** 
 143:Generated_Source\PSoC4/cyfitter_cfg.c ****     /* `#END` */
 144:Generated_Source\PSoC4/cyfitter_cfg.c **** 
 145:Generated_Source\PSoC4/cyfitter_cfg.c ****     while(1) {}
 146:Generated_Source\PSoC4/cyfitter_cfg.c **** #endif /* CY_CFG_CLOCK_STARTUP_ERROR_CALLBACK */
 147:Generated_Source\PSoC4/cyfitter_cfg.c **** }
 148:Generated_Source\PSoC4/cyfitter_cfg.c **** #endif
 149:Generated_Source\PSoC4/cyfitter_cfg.c **** 
 150:Generated_Source\PSoC4/cyfitter_cfg.c **** 
 151:Generated_Source\PSoC4/cyfitter_cfg.c **** 
 152:Generated_Source\PSoC4/cyfitter_cfg.c **** /*******************************************************************************
 153:Generated_Source\PSoC4/cyfitter_cfg.c **** * Function Name: ClockSetup
 154:Generated_Source\PSoC4/cyfitter_cfg.c **** ********************************************************************************
 155:Generated_Source\PSoC4/cyfitter_cfg.c **** *
 156:Generated_Source\PSoC4/cyfitter_cfg.c **** * Summary:
 157:Generated_Source\PSoC4/cyfitter_cfg.c **** *   Performs the initialization of all of the clocks in the device based on the
 158:Generated_Source\PSoC4/cyfitter_cfg.c **** *   settings in the Clock tab of the DWR.  This includes enabling the requested
 159:Generated_Source\PSoC4/cyfitter_cfg.c **** *   clocks and setting the necessary dividers to produce the desired frequency. 
 160:Generated_Source\PSoC4/cyfitter_cfg.c **** *
 161:Generated_Source\PSoC4/cyfitter_cfg.c **** * Parameters:
 162:Generated_Source\PSoC4/cyfitter_cfg.c **** *   void
 163:Generated_Source\PSoC4/cyfitter_cfg.c **** *
 164:Generated_Source\PSoC4/cyfitter_cfg.c **** * Return:
 165:Generated_Source\PSoC4/cyfitter_cfg.c **** *   void
 166:Generated_Source\PSoC4/cyfitter_cfg.c **** *
 167:Generated_Source\PSoC4/cyfitter_cfg.c **** *******************************************************************************/
 168:Generated_Source\PSoC4/cyfitter_cfg.c **** static void ClockSetup(void);
 169:Generated_Source\PSoC4/cyfitter_cfg.c **** CY_CFG_SECTION
 170:Generated_Source\PSoC4/cyfitter_cfg.c **** static void ClockSetup(void)
 171:Generated_Source\PSoC4/cyfitter_cfg.c **** {
  55              		.loc 1 171 0
  56              		.cfi_startproc
  57              		@ args = 0, pretend = 0, frame = 0
ARM GAS  C:\Users\jzapn\AppData\Local\Temp\ccibSckc.s 			page 5


  58              		@ frame_needed = 0, uses_anonymous_args = 0
  59 0000 70B5     		push	{r4, r5, r6, lr}
  60              		.cfi_def_cfa_offset 16
  61              		.cfi_offset 4, -16
  62              		.cfi_offset 5, -12
  63              		.cfi_offset 6, -8
  64              		.cfi_offset 14, -4
 172:Generated_Source\PSoC4/cyfitter_cfg.c **** 	/* Enable HALF_EN before trimming for the flash accelerator. */
 173:Generated_Source\PSoC4/cyfitter_cfg.c **** 	CY_SET_REG32((void CYXDATA *)(CYREG_CLK_SELECT), (CY_GET_REG32((void *)CYREG_CLK_SELECT) | 0x00040
  65              		.loc 1 173 0
  66 0002 0F4C     		ldr	r4, .L3
  67 0004 2368     		ldr	r3, [r4]
  68 0006 8022     		movs	r2, #128
  69 0008 D202     		lsls	r2, r2, #11
  70 000a 1343     		orrs	r3, r2
  71 000c 2360     		str	r3, [r4]
 174:Generated_Source\PSoC4/cyfitter_cfg.c **** 
 175:Generated_Source\PSoC4/cyfitter_cfg.c **** 	/* Setup and trim IMO based on desired frequency. */
 176:Generated_Source\PSoC4/cyfitter_cfg.c **** 	CySysClkWriteImoFreq(24u);
  72              		.loc 1 176 0
  73 000e 1820     		movs	r0, #24
  74 0010 FFF7FEFF 		bl	CySysClkWriteImoFreq
  75              	.LVL3:
 177:Generated_Source\PSoC4/cyfitter_cfg.c **** 
 178:Generated_Source\PSoC4/cyfitter_cfg.c **** 	/* Disable HALF_EN since it is not required at this IMO frequency. */
 179:Generated_Source\PSoC4/cyfitter_cfg.c **** 	CY_SET_REG32((void CYXDATA *)(CYREG_CLK_SELECT), (CY_GET_REG32((void *)CYREG_CLK_SELECT) & 0xFFFBF
  76              		.loc 1 179 0
  77 0014 2268     		ldr	r2, [r4]
  78 0016 0B4B     		ldr	r3, .L3+4
  79 0018 1340     		ands	r3, r2
  80 001a 2360     		str	r3, [r4]
 180:Generated_Source\PSoC4/cyfitter_cfg.c **** 	/* CYDEV_CLK_ILO_CONFIG Starting address: CYDEV_CLK_ILO_CONFIG */
 181:Generated_Source\PSoC4/cyfitter_cfg.c **** 	CY_SET_REG32((void *)(CYREG_CLK_ILO_CONFIG), 0x80000006u);
  81              		.loc 1 181 0
  82 001c 0A4A     		ldr	r2, .L3+8
  83 001e 0B4B     		ldr	r3, .L3+12
  84 0020 1A60     		str	r2, [r3]
 182:Generated_Source\PSoC4/cyfitter_cfg.c **** 
 183:Generated_Source\PSoC4/cyfitter_cfg.c **** 
 184:Generated_Source\PSoC4/cyfitter_cfg.c **** 	/* CYDEV_CLK_IMO_CONFIG Starting address: CYDEV_CLK_IMO_CONFIG */
 185:Generated_Source\PSoC4/cyfitter_cfg.c **** 	CY_SET_REG32((void *)(CYREG_CLK_IMO_CONFIG), 0x80000000u);
  85              		.loc 1 185 0
  86 0022 063A     		subs	r2, r2, #6
  87 0024 0A4B     		ldr	r3, .L3+16
  88 0026 1A60     		str	r2, [r3]
 186:Generated_Source\PSoC4/cyfitter_cfg.c **** 
 187:Generated_Source\PSoC4/cyfitter_cfg.c **** 	/* CYDEV_CLK_SELECT Starting address: CYDEV_CLK_SELECT */
 188:Generated_Source\PSoC4/cyfitter_cfg.c **** 	CY_SET_REG32((void *)(CYREG_CLK_SELECT), 0x00000000u);
  89              		.loc 1 188 0
  90 0028 0025     		movs	r5, #0
  91 002a 2560     		str	r5, [r4]
 189:Generated_Source\PSoC4/cyfitter_cfg.c **** 
 190:Generated_Source\PSoC4/cyfitter_cfg.c **** 	(void)CyIntSetVector(9u, &CySysWdtIsr);
  92              		.loc 1 190 0
  93 002c 0949     		ldr	r1, .L3+20
  94 002e 0920     		movs	r0, #9
  95 0030 FFF7FEFF 		bl	CyIntSetVector
ARM GAS  C:\Users\jzapn\AppData\Local\Temp\ccibSckc.s 			page 6


  96              	.LVL4:
 191:Generated_Source\PSoC4/cyfitter_cfg.c **** 	CyIntEnable(9u);
  97              		.loc 1 191 0
  98 0034 0920     		movs	r0, #9
  99 0036 FFF7FEFF 		bl	CyIntEnable
 100              	.LVL5:
 192:Generated_Source\PSoC4/cyfitter_cfg.c **** 	CY_SET_REG32((void *)(CYREG_WDT_CONFIG), 0x00000000u);
 101              		.loc 1 192 0
 102 003a 074B     		ldr	r3, .L3+24
 103 003c 1D60     		str	r5, [r3]
 193:Generated_Source\PSoC4/cyfitter_cfg.c **** }
 104              		.loc 1 193 0
 105              		@ sp needed
 106 003e 70BD     		pop	{r4, r5, r6, pc}
 107              	.L4:
 108              		.align	2
 109              	.L3:
 110 0040 00010B40 		.word	1074462976
 111 0044 FFFFFBFF 		.word	-262145
 112 0048 06000080 		.word	-2147483642
 113 004c 04010B40 		.word	1074462980
 114 0050 08010B40 		.word	1074462984
 115 0054 00000000 		.word	CySysWdtIsr
 116 0058 0C020B40 		.word	1074463244
 117              		.cfi_endproc
 118              	.LFE3:
 119              		.size	ClockSetup, .-ClockSetup
 120              		.align	2
 121              		.global	cyfitter_cfg
 122              		.code	16
 123              		.thumb_func
 124              		.type	cyfitter_cfg, %function
 125              	cyfitter_cfg:
 126              	.LFB5:
 194:Generated_Source\PSoC4/cyfitter_cfg.c **** 
 195:Generated_Source\PSoC4/cyfitter_cfg.c **** 
 196:Generated_Source\PSoC4/cyfitter_cfg.c **** /* Analog API Functions */
 197:Generated_Source\PSoC4/cyfitter_cfg.c **** 
 198:Generated_Source\PSoC4/cyfitter_cfg.c **** 
 199:Generated_Source\PSoC4/cyfitter_cfg.c **** /*******************************************************************************
 200:Generated_Source\PSoC4/cyfitter_cfg.c **** * Function Name: AnalogSetDefault
 201:Generated_Source\PSoC4/cyfitter_cfg.c **** ********************************************************************************
 202:Generated_Source\PSoC4/cyfitter_cfg.c **** *
 203:Generated_Source\PSoC4/cyfitter_cfg.c **** * Summary:
 204:Generated_Source\PSoC4/cyfitter_cfg.c **** *  Sets up the analog portions of the chip to default values based on chip
 205:Generated_Source\PSoC4/cyfitter_cfg.c **** *  configuration options from the project.
 206:Generated_Source\PSoC4/cyfitter_cfg.c **** *
 207:Generated_Source\PSoC4/cyfitter_cfg.c **** * Parameters:
 208:Generated_Source\PSoC4/cyfitter_cfg.c **** *  void
 209:Generated_Source\PSoC4/cyfitter_cfg.c **** *
 210:Generated_Source\PSoC4/cyfitter_cfg.c **** * Return:
 211:Generated_Source\PSoC4/cyfitter_cfg.c **** *  void
 212:Generated_Source\PSoC4/cyfitter_cfg.c **** *
 213:Generated_Source\PSoC4/cyfitter_cfg.c **** *******************************************************************************/
 214:Generated_Source\PSoC4/cyfitter_cfg.c **** static void AnalogSetDefault(void);
 215:Generated_Source\PSoC4/cyfitter_cfg.c **** static void AnalogSetDefault(void)
 216:Generated_Source\PSoC4/cyfitter_cfg.c **** {
ARM GAS  C:\Users\jzapn\AppData\Local\Temp\ccibSckc.s 			page 7


 217:Generated_Source\PSoC4/cyfitter_cfg.c **** }
 218:Generated_Source\PSoC4/cyfitter_cfg.c **** 
 219:Generated_Source\PSoC4/cyfitter_cfg.c **** 
 220:Generated_Source\PSoC4/cyfitter_cfg.c **** 
 221:Generated_Source\PSoC4/cyfitter_cfg.c **** 
 222:Generated_Source\PSoC4/cyfitter_cfg.c **** /*******************************************************************************
 223:Generated_Source\PSoC4/cyfitter_cfg.c **** * Function Name: cyfitter_cfg
 224:Generated_Source\PSoC4/cyfitter_cfg.c **** ********************************************************************************
 225:Generated_Source\PSoC4/cyfitter_cfg.c **** * Summary:
 226:Generated_Source\PSoC4/cyfitter_cfg.c **** *  This function is called by the start-up code for the selected device. It
 227:Generated_Source\PSoC4/cyfitter_cfg.c **** *  performs all of the necessary device configuration based on the design
 228:Generated_Source\PSoC4/cyfitter_cfg.c **** *  settings.  This includes settings from the Design Wide Resources (DWR) such
 229:Generated_Source\PSoC4/cyfitter_cfg.c **** *  as Clocks and Pins as well as any component configuration that is necessary.
 230:Generated_Source\PSoC4/cyfitter_cfg.c **** *
 231:Generated_Source\PSoC4/cyfitter_cfg.c **** * Parameters:
 232:Generated_Source\PSoC4/cyfitter_cfg.c **** *   void
 233:Generated_Source\PSoC4/cyfitter_cfg.c **** *
 234:Generated_Source\PSoC4/cyfitter_cfg.c **** * Return:
 235:Generated_Source\PSoC4/cyfitter_cfg.c **** *   void
 236:Generated_Source\PSoC4/cyfitter_cfg.c **** *
 237:Generated_Source\PSoC4/cyfitter_cfg.c **** *******************************************************************************/
 238:Generated_Source\PSoC4/cyfitter_cfg.c **** CY_CFG_SECTION
 239:Generated_Source\PSoC4/cyfitter_cfg.c **** void cyfitter_cfg(void)
 240:Generated_Source\PSoC4/cyfitter_cfg.c **** {
 127              		.loc 1 240 0
 128              		.cfi_startproc
 129              		@ args = 0, pretend = 0, frame = 0
 130              		@ frame_needed = 0, uses_anonymous_args = 0
 131 005c 10B5     		push	{r4, lr}
 132              		.cfi_def_cfa_offset 8
 133              		.cfi_offset 4, -8
 134              		.cfi_offset 14, -4
 241:Generated_Source\PSoC4/cyfitter_cfg.c **** 	/* Disable interrupts by default. Let user enable if/when they want. */
 242:Generated_Source\PSoC4/cyfitter_cfg.c **** 	CyGlobalIntDisable;
 135              		.loc 1 242 0
 136              		.syntax divided
 137              	@ 242 "Generated_Source\PSoC4\cyfitter_cfg.c" 1
 138 005e 72B6     		CPSID   i
 139              	@ 0 "" 2
 140              	.LVL6:
 141              		.thumb
 142              		.syntax unified
 143              	.LBB2:
 243:Generated_Source\PSoC4/cyfitter_cfg.c **** 
 244:Generated_Source\PSoC4/cyfitter_cfg.c **** 	{
 245:Generated_Source\PSoC4/cyfitter_cfg.c **** 
 246:Generated_Source\PSoC4/cyfitter_cfg.c **** 		CYPACKED typedef struct {
 247:Generated_Source\PSoC4/cyfitter_cfg.c **** 			void CYFAR *address;
 248:Generated_Source\PSoC4/cyfitter_cfg.c **** 			uint16 size;
 249:Generated_Source\PSoC4/cyfitter_cfg.c **** 		} CYPACKED_ATTR cfg_memset_t;
 250:Generated_Source\PSoC4/cyfitter_cfg.c **** 
 251:Generated_Source\PSoC4/cyfitter_cfg.c **** 		static const cfg_memset_t CYCODE cfg_memset_list[] = {
 252:Generated_Source\PSoC4/cyfitter_cfg.c **** 			/* address, size */
 253:Generated_Source\PSoC4/cyfitter_cfg.c **** 			{(void CYFAR *)(CYDEV_UDB_P0_U0_BASE), 1024u},
 254:Generated_Source\PSoC4/cyfitter_cfg.c **** 			{(void CYFAR *)(CYDEV_UDB_DSI0_BASE), 1024u},
 255:Generated_Source\PSoC4/cyfitter_cfg.c **** 		};
 256:Generated_Source\PSoC4/cyfitter_cfg.c **** 
ARM GAS  C:\Users\jzapn\AppData\Local\Temp\ccibSckc.s 			page 8


 257:Generated_Source\PSoC4/cyfitter_cfg.c **** 		uint8 CYDATA i;
 258:Generated_Source\PSoC4/cyfitter_cfg.c **** 
 259:Generated_Source\PSoC4/cyfitter_cfg.c **** 		/* Zero out critical memory blocks before beginning configuration */
 260:Generated_Source\PSoC4/cyfitter_cfg.c **** 		for (i = 0u; i < (sizeof(cfg_memset_list)/sizeof(cfg_memset_list[0])); i++)
 144              		.loc 1 260 0
 145 0060 0024     		movs	r4, #0
 146 0062 0FE0     		b	.L6
 147              	.LVL7:
 148              	.L7:
 149              	.LBB3:
 261:Generated_Source\PSoC4/cyfitter_cfg.c **** 		{
 262:Generated_Source\PSoC4/cyfitter_cfg.c **** 			const cfg_memset_t CYCODE * CYDATA ms = &cfg_memset_list[i];
 263:Generated_Source\PSoC4/cyfitter_cfg.c **** 			CYMEMZERO(ms->address, (size_t)(uint32)(ms->size));
 150              		.loc 1 263 0 discriminator 3
 151 0064 1A48     		ldr	r0, .L8
 152 0066 6200     		lsls	r2, r4, #1
 153 0068 1319     		adds	r3, r2, r4
 154 006a 5900     		lsls	r1, r3, #1
 155 006c 0B00     		movs	r3, r1
 156 006e 4118     		adds	r1, r0, r1
 157 0070 8988     		ldrh	r1, [r1, #4]
 158 0072 1A5A     		ldrh	r2, [r3, r0]
 159 0074 C318     		adds	r3, r0, r3
 160 0076 5888     		ldrh	r0, [r3, #2]
 161 0078 0004     		lsls	r0, r0, #16
 162 007a 1043     		orrs	r0, r2
 163 007c FFF7FEFF 		bl	CYMEMZERO
 164              	.LVL8:
 165              	.LBE3:
 260:Generated_Source\PSoC4/cyfitter_cfg.c **** 		{
 166              		.loc 1 260 0 discriminator 3
 167 0080 0134     		adds	r4, r4, #1
 168              	.LVL9:
 169 0082 E4B2     		uxtb	r4, r4
 170              	.LVL10:
 171              	.L6:
 260:Generated_Source\PSoC4/cyfitter_cfg.c **** 		{
 172              		.loc 1 260 0 is_stmt 0 discriminator 1
 173 0084 012C     		cmp	r4, #1
 174 0086 EDD9     		bls	.L7
 264:Generated_Source\PSoC4/cyfitter_cfg.c **** 		}
 265:Generated_Source\PSoC4/cyfitter_cfg.c **** 
 266:Generated_Source\PSoC4/cyfitter_cfg.c **** 		/* HSIOM Starting address: CYDEV_HSIOM_BASE */
 267:Generated_Source\PSoC4/cyfitter_cfg.c **** 		CY_SET_REG32((void *)(CYREG_HSIOM_PORT_SEL3), 0x0000EE00u);
 175              		.loc 1 267 0 is_stmt 1
 176 0088 EE22     		movs	r2, #238
 177 008a 1202     		lsls	r2, r2, #8
 178 008c 114B     		ldr	r3, .L8+4
 179 008e 1A60     		str	r2, [r3]
 268:Generated_Source\PSoC4/cyfitter_cfg.c **** 
 269:Generated_Source\PSoC4/cyfitter_cfg.c **** 		/* UDB_PA_0 Starting address: CYDEV_UDB_PA0_BASE */
 270:Generated_Source\PSoC4/cyfitter_cfg.c **** 		CY_SET_REG32((void *)(CYDEV_UDB_PA0_BASE), 0x00990000u);
 180              		.loc 1 270 0
 181 0090 9923     		movs	r3, #153
 182 0092 1B04     		lsls	r3, r3, #16
 183 0094 104A     		ldr	r2, .L8+8
 184 0096 1360     		str	r3, [r2]
ARM GAS  C:\Users\jzapn\AppData\Local\Temp\ccibSckc.s 			page 9


 271:Generated_Source\PSoC4/cyfitter_cfg.c **** 
 272:Generated_Source\PSoC4/cyfitter_cfg.c **** 		/* UDB_PA_1 Starting address: CYDEV_UDB_PA1_BASE */
 273:Generated_Source\PSoC4/cyfitter_cfg.c **** 		CY_SET_REG32((void *)(CYDEV_UDB_PA1_BASE), 0x00990000u);
 185              		.loc 1 273 0
 186 0098 104A     		ldr	r2, .L8+12
 187 009a 1360     		str	r3, [r2]
 274:Generated_Source\PSoC4/cyfitter_cfg.c **** 
 275:Generated_Source\PSoC4/cyfitter_cfg.c **** 		/* UDB_PA_3 Starting address: CYDEV_UDB_PA3_BASE */
 276:Generated_Source\PSoC4/cyfitter_cfg.c **** 		CY_SET_REG32((void *)(CYDEV_UDB_PA3_BASE), 0x00990000u);
 188              		.loc 1 276 0
 189 009c 104A     		ldr	r2, .L8+16
 190 009e 1360     		str	r3, [r2]
 277:Generated_Source\PSoC4/cyfitter_cfg.c **** 
 278:Generated_Source\PSoC4/cyfitter_cfg.c **** 		/* Enable digital routing */
 279:Generated_Source\PSoC4/cyfitter_cfg.c **** 		CY_SET_XTND_REG8((void *)CYREG_UDB_UDBIF_BANK_CTL, (uint8)(CY_GET_XTND_REG8((void *)CYREG_UDB_UDB
 191              		.loc 1 279 0
 192 00a0 104A     		ldr	r2, .L8+20
 193 00a2 1178     		ldrb	r1, [r2]
 194 00a4 0623     		movs	r3, #6
 195 00a6 0B43     		orrs	r3, r1
 196 00a8 DBB2     		uxtb	r3, r3
 197 00aa 1370     		strb	r3, [r2]
 198              	.LBE2:
 280:Generated_Source\PSoC4/cyfitter_cfg.c **** 	}
 281:Generated_Source\PSoC4/cyfitter_cfg.c **** 
 282:Generated_Source\PSoC4/cyfitter_cfg.c **** 	/* Perform second pass device configuration. These items must be configured in specific order afte
 283:Generated_Source\PSoC4/cyfitter_cfg.c **** 	/* IOPINS0_0 Starting address: CYDEV_PRT0_BASE */
 284:Generated_Source\PSoC4/cyfitter_cfg.c **** 	CY_SET_REG32((void *)(CYDEV_PRT0_BASE), 0x00000080u);
 199              		.loc 1 284 0
 200 00ac 8022     		movs	r2, #128
 201 00ae 0E4B     		ldr	r3, .L8+24
 202 00b0 1A60     		str	r2, [r3]
 285:Generated_Source\PSoC4/cyfitter_cfg.c **** 	CY_SET_REG32((void *)(CYREG_PRT0_PC), 0x00400000u);
 203              		.loc 1 285 0
 204 00b2 8022     		movs	r2, #128
 205 00b4 D203     		lsls	r2, r2, #15
 206 00b6 0D4B     		ldr	r3, .L8+28
 207 00b8 1A60     		str	r2, [r3]
 286:Generated_Source\PSoC4/cyfitter_cfg.c **** 
 287:Generated_Source\PSoC4/cyfitter_cfg.c **** 	/* IOPINS0_1 Starting address: CYDEV_PRT1_BASE */
 288:Generated_Source\PSoC4/cyfitter_cfg.c **** 	CY_SET_REG32((void *)(CYREG_PRT1_PC), 0x00180000u);
 208              		.loc 1 288 0
 209 00ba C022     		movs	r2, #192
 210 00bc 5203     		lsls	r2, r2, #13
 211 00be 0C4B     		ldr	r3, .L8+32
 212 00c0 1A60     		str	r2, [r3]
 289:Generated_Source\PSoC4/cyfitter_cfg.c **** 
 290:Generated_Source\PSoC4/cyfitter_cfg.c **** 	/* IOPINS0_3 Starting address: CYDEV_PRT3_BASE */
 291:Generated_Source\PSoC4/cyfitter_cfg.c **** 	CY_SET_REG32((void *)(CYREG_PRT3_PC), 0x00006D80u);
 213              		.loc 1 291 0
 214 00c2 DB22     		movs	r2, #219
 215 00c4 D201     		lsls	r2, r2, #7
 216 00c6 0B4B     		ldr	r3, .L8+36
 217 00c8 1A60     		str	r2, [r3]
 292:Generated_Source\PSoC4/cyfitter_cfg.c **** 
 293:Generated_Source\PSoC4/cyfitter_cfg.c **** 
 294:Generated_Source\PSoC4/cyfitter_cfg.c **** 	/* Setup clocks based on selections from Clock DWR */
ARM GAS  C:\Users\jzapn\AppData\Local\Temp\ccibSckc.s 			page 10


 295:Generated_Source\PSoC4/cyfitter_cfg.c **** 	ClockSetup();
 218              		.loc 1 295 0
 219 00ca FFF799FF 		bl	ClockSetup
 220              	.LVL11:
 296:Generated_Source\PSoC4/cyfitter_cfg.c **** 
 297:Generated_Source\PSoC4/cyfitter_cfg.c **** 	/* Perform basic analog initialization to defaults */
 298:Generated_Source\PSoC4/cyfitter_cfg.c **** 	AnalogSetDefault();
 299:Generated_Source\PSoC4/cyfitter_cfg.c **** 
 300:Generated_Source\PSoC4/cyfitter_cfg.c **** }
 221              		.loc 1 300 0
 222              		@ sp needed
 223              	.LVL12:
 224 00ce 10BD     		pop	{r4, pc}
 225              	.L9:
 226              		.align	2
 227              	.L8:
 228 00d0 00000000 		.word	.LANCHOR0
 229 00d4 0C000140 		.word	1073807372
 230 00d8 00500F40 		.word	1074745344
 231 00dc 10500F40 		.word	1074745360
 232 00e0 30500F40 		.word	1074745392
 233 00e4 00700F40 		.word	1074753536
 234 00e8 00000440 		.word	1074003968
 235 00ec 08000440 		.word	1074003976
 236 00f0 08010440 		.word	1074004232
 237 00f4 08030440 		.word	1074004744
 238              		.cfi_endproc
 239              	.LFE5:
 240              		.size	cyfitter_cfg, .-cyfitter_cfg
 241              		.section	.rodata
 242              		.align	2
 243              		.set	.LANCHOR0,. + 0
 244              		.type	cfg_memset_list.4847, %object
 245              		.size	cfg_memset_list.4847, 12
 246              	cfg_memset_list.4847:
 247 0000 00300F40 		.word	1074737152
 248 0004 0004     		.short	1024
 249 0006 00400F40 		.4byte	1074741248
 250 000a 0004     		.short	1024
 251              		.text
 252              	.Letext0:
 253              		.file 2 "c:\\program files (x86)\\cypress\\psoc creator\\4.4\\psoc creator\\import\\gnu\\arm\\5.4.
 254              		.file 3 "Generated_Source\\PSoC4\\cytypes.h"
 255              		.file 4 "Generated_Source\\PSoC4\\CyLib.h"
 256              		.section	.debug_info,"",%progbits
 257              	.Ldebug_info0:
 258 0000 74020000 		.4byte	0x274
 259 0004 0400     		.2byte	0x4
 260 0006 00000000 		.4byte	.Ldebug_abbrev0
 261 000a 04       		.byte	0x4
 262 000b 01       		.uleb128 0x1
 263 000c 08010000 		.4byte	.LASF29
 264 0010 0C       		.byte	0xc
 265 0011 0C020000 		.4byte	.LASF30
 266 0015 BF000000 		.4byte	.LASF31
 267 0019 00000000 		.4byte	.Ldebug_ranges0+0
 268 001d 00000000 		.4byte	0
ARM GAS  C:\Users\jzapn\AppData\Local\Temp\ccibSckc.s 			page 11


 269 0021 00000000 		.4byte	.Ldebug_line0
 270 0025 02       		.uleb128 0x2
 271 0026 04       		.byte	0x4
 272 0027 05       		.byte	0x5
 273 0028 696E7400 		.ascii	"int\000"
 274 002c 03       		.uleb128 0x3
 275 002d 06000000 		.4byte	.LASF12
 276 0031 02       		.byte	0x2
 277 0032 D8       		.byte	0xd8
 278 0033 37000000 		.4byte	0x37
 279 0037 04       		.uleb128 0x4
 280 0038 04       		.byte	0x4
 281 0039 07       		.byte	0x7
 282 003a B2000000 		.4byte	.LASF0
 283 003e 04       		.uleb128 0x4
 284 003f 08       		.byte	0x8
 285 0040 05       		.byte	0x5
 286 0041 AC010000 		.4byte	.LASF1
 287 0045 04       		.uleb128 0x4
 288 0046 08       		.byte	0x8
 289 0047 04       		.byte	0x4
 290 0048 F4010000 		.4byte	.LASF2
 291 004c 04       		.uleb128 0x4
 292 004d 01       		.byte	0x1
 293 004e 06       		.byte	0x6
 294 004f 00020000 		.4byte	.LASF3
 295 0053 04       		.uleb128 0x4
 296 0054 01       		.byte	0x1
 297 0055 08       		.byte	0x8
 298 0056 7C000000 		.4byte	.LASF4
 299 005a 04       		.uleb128 0x4
 300 005b 02       		.byte	0x2
 301 005c 05       		.byte	0x5
 302 005d CC010000 		.4byte	.LASF5
 303 0061 04       		.uleb128 0x4
 304 0062 02       		.byte	0x2
 305 0063 07       		.byte	0x7
 306 0064 37000000 		.4byte	.LASF6
 307 0068 04       		.uleb128 0x4
 308 0069 04       		.byte	0x4
 309 006a 05       		.byte	0x5
 310 006b EB010000 		.4byte	.LASF7
 311 006f 04       		.uleb128 0x4
 312 0070 04       		.byte	0x4
 313 0071 07       		.byte	0x7
 314 0072 5A000000 		.4byte	.LASF8
 315 0076 04       		.uleb128 0x4
 316 0077 08       		.byte	0x8
 317 0078 07       		.byte	0x7
 318 0079 F1000000 		.4byte	.LASF9
 319 007d 04       		.uleb128 0x4
 320 007e 04       		.byte	0x4
 321 007f 07       		.byte	0x7
 322 0080 A3010000 		.4byte	.LASF10
 323 0084 05       		.uleb128 0x5
 324 0085 04       		.byte	0x4
 325 0086 04       		.uleb128 0x4
ARM GAS  C:\Users\jzapn\AppData\Local\Temp\ccibSckc.s 			page 12


 326 0087 01       		.byte	0x1
 327 0088 08       		.byte	0x8
 328 0089 BA010000 		.4byte	.LASF11
 329 008d 06       		.uleb128 0x6
 330 008e 6C000000 		.4byte	.LASF13
 331 0092 03       		.byte	0x3
 332 0093 FB01     		.2byte	0x1fb
 333 0095 53000000 		.4byte	0x53
 334 0099 06       		.uleb128 0x6
 335 009a A4000000 		.4byte	.LASF14
 336 009e 03       		.byte	0x3
 337 009f FC01     		.2byte	0x1fc
 338 00a1 61000000 		.4byte	0x61
 339 00a5 06       		.uleb128 0x6
 340 00a6 AB000000 		.4byte	.LASF15
 341 00aa 03       		.byte	0x3
 342 00ab FD01     		.2byte	0x1fd
 343 00ad 6F000000 		.4byte	0x6f
 344 00b1 04       		.uleb128 0x4
 345 00b2 04       		.byte	0x4
 346 00b3 04       		.byte	0x4
 347 00b4 4A000000 		.4byte	.LASF16
 348 00b8 04       		.uleb128 0x4
 349 00b9 08       		.byte	0x8
 350 00ba 04       		.byte	0x4
 351 00bb 91000000 		.4byte	.LASF17
 352 00bf 06       		.uleb128 0x6
 353 00c0 55000000 		.4byte	.LASF18
 354 00c4 03       		.byte	0x3
 355 00c5 A502     		.2byte	0x2a5
 356 00c7 CB000000 		.4byte	0xcb
 357 00cb 07       		.uleb128 0x7
 358 00cc 8D000000 		.4byte	0x8d
 359 00d0 06       		.uleb128 0x6
 360 00d1 00000000 		.4byte	.LASF19
 361 00d5 03       		.byte	0x3
 362 00d6 A702     		.2byte	0x2a7
 363 00d8 DC000000 		.4byte	0xdc
 364 00dc 07       		.uleb128 0x7
 365 00dd A5000000 		.4byte	0xa5
 366 00e1 08       		.uleb128 0x8
 367 00e2 72000000 		.4byte	.LASF20
 368 00e6 01       		.byte	0x1
 369 00e7 4C       		.byte	0x4c
 370 00e8 00000000 		.4byte	.LFB0
 371 00ec 0C000000 		.4byte	.LFE0-.LFB0
 372 00f0 01       		.uleb128 0x1
 373 00f1 9C       		.byte	0x9c
 374 00f2 2E010000 		.4byte	0x12e
 375 00f6 09       		.uleb128 0x9
 376 00f7 7300     		.ascii	"s\000"
 377 00f9 01       		.byte	0x1
 378 00fa 4C       		.byte	0x4c
 379 00fb 84000000 		.4byte	0x84
 380 00ff 00000000 		.4byte	.LLST0
 381 0103 09       		.uleb128 0x9
 382 0104 6E00     		.ascii	"n\000"
ARM GAS  C:\Users\jzapn\AppData\Local\Temp\ccibSckc.s 			page 13


 383 0106 01       		.byte	0x1
 384 0107 4C       		.byte	0x4c
 385 0108 2C000000 		.4byte	0x2c
 386 010c 21000000 		.4byte	.LLST1
 387 0110 0A       		.uleb128 0xa
 388 0111 0A000000 		.4byte	.LVL2
 389 0115 4D020000 		.4byte	0x24d
 390 0119 0B       		.uleb128 0xb
 391 011a 01       		.uleb128 0x1
 392 011b 50       		.byte	0x50
 393 011c 03       		.uleb128 0x3
 394 011d F3       		.byte	0xf3
 395 011e 01       		.uleb128 0x1
 396 011f 50       		.byte	0x50
 397 0120 0B       		.uleb128 0xb
 398 0121 01       		.uleb128 0x1
 399 0122 51       		.byte	0x51
 400 0123 01       		.uleb128 0x1
 401 0124 30       		.byte	0x30
 402 0125 0B       		.uleb128 0xb
 403 0126 01       		.uleb128 0x1
 404 0127 52       		.byte	0x52
 405 0128 03       		.uleb128 0x3
 406 0129 F3       		.byte	0xf3
 407 012a 01       		.uleb128 0x1
 408 012b 51       		.byte	0x51
 409 012c 00       		.byte	0
 410 012d 00       		.byte	0
 411 012e 08       		.uleb128 0x8
 412 012f 2C000000 		.4byte	.LASF21
 413 0133 01       		.byte	0x1
 414 0134 AA       		.byte	0xaa
 415 0135 00000000 		.4byte	.LFB3
 416 0139 5C000000 		.4byte	.LFE3-.LFB3
 417 013d 01       		.uleb128 0x1
 418 013e 9C       		.byte	0x9c
 419 013f 79010000 		.4byte	0x179
 420 0143 0C       		.uleb128 0xc
 421 0144 14000000 		.4byte	.LVL3
 422 0148 56020000 		.4byte	0x256
 423 014c 56010000 		.4byte	0x156
 424 0150 0B       		.uleb128 0xb
 425 0151 01       		.uleb128 0x1
 426 0152 50       		.byte	0x50
 427 0153 01       		.uleb128 0x1
 428 0154 48       		.byte	0x48
 429 0155 00       		.byte	0
 430 0156 0C       		.uleb128 0xc
 431 0157 34000000 		.4byte	.LVL4
 432 015b 61020000 		.4byte	0x261
 433 015f 69010000 		.4byte	0x169
 434 0163 0B       		.uleb128 0xb
 435 0164 01       		.uleb128 0x1
 436 0165 50       		.byte	0x50
 437 0166 01       		.uleb128 0x1
 438 0167 39       		.byte	0x39
 439 0168 00       		.byte	0
ARM GAS  C:\Users\jzapn\AppData\Local\Temp\ccibSckc.s 			page 14


 440 0169 0A       		.uleb128 0xa
 441 016a 3A000000 		.4byte	.LVL5
 442 016e 6C020000 		.4byte	0x26c
 443 0172 0B       		.uleb128 0xb
 444 0173 01       		.uleb128 0x1
 445 0174 50       		.byte	0x50
 446 0175 01       		.uleb128 0x1
 447 0176 39       		.byte	0x39
 448 0177 00       		.byte	0
 449 0178 00       		.byte	0
 450 0179 0D       		.uleb128 0xd
 451 017a BF010000 		.4byte	.LASF32
 452 017e 01       		.byte	0x1
 453 017f EF       		.byte	0xef
 454 0180 5C000000 		.4byte	.LFB5
 455 0184 9C000000 		.4byte	.LFE5-.LFB5
 456 0188 01       		.uleb128 0x1
 457 0189 9C       		.byte	0x9c
 458 018a 4D020000 		.4byte	0x24d
 459 018e 0E       		.uleb128 0xe
 460 018f 60000000 		.4byte	.LBB2
 461 0193 4C000000 		.4byte	.LBE2-.LBB2
 462 0197 43020000 		.4byte	0x243
 463 019b 0F       		.uleb128 0xf
 464 019c 06       		.byte	0x6
 465 019d 01       		.byte	0x1
 466 019e F6       		.byte	0xf6
 467 019f BC010000 		.4byte	0x1bc
 468 01a3 10       		.uleb128 0x10
 469 01a4 E9000000 		.4byte	.LASF22
 470 01a8 01       		.byte	0x1
 471 01a9 F7       		.byte	0xf7
 472 01aa 84000000 		.4byte	0x84
 473 01ae 00       		.byte	0
 474 01af 10       		.uleb128 0x10
 475 01b0 50000000 		.4byte	.LASF23
 476 01b4 01       		.byte	0x1
 477 01b5 F8       		.byte	0xf8
 478 01b6 99000000 		.4byte	0x99
 479 01ba 04       		.byte	0x4
 480 01bb 00       		.byte	0
 481 01bc 03       		.uleb128 0x3
 482 01bd 96010000 		.4byte	.LASF24
 483 01c1 01       		.byte	0x1
 484 01c2 F9       		.byte	0xf9
 485 01c3 9B010000 		.4byte	0x19b
 486 01c7 11       		.uleb128 0x11
 487 01c8 D7010000 		.4byte	0x1d7
 488 01cc D7010000 		.4byte	0x1d7
 489 01d0 12       		.uleb128 0x12
 490 01d1 7D000000 		.4byte	0x7d
 491 01d5 01       		.byte	0x1
 492 01d6 00       		.byte	0
 493 01d7 13       		.uleb128 0x13
 494 01d8 BC010000 		.4byte	0x1bc
 495 01dc 14       		.uleb128 0x14
 496 01dd 1C000000 		.4byte	.LASF25
ARM GAS  C:\Users\jzapn\AppData\Local\Temp\ccibSckc.s 			page 15


 497 01e1 01       		.byte	0x1
 498 01e2 FB       		.byte	0xfb
 499 01e3 ED010000 		.4byte	0x1ed
 500 01e7 05       		.uleb128 0x5
 501 01e8 03       		.byte	0x3
 502 01e9 00000000 		.4byte	cfg_memset_list.4847
 503 01ed 13       		.uleb128 0x13
 504 01ee C7010000 		.4byte	0x1c7
 505 01f2 15       		.uleb128 0x15
 506 01f3 6900     		.ascii	"i\000"
 507 01f5 01       		.byte	0x1
 508 01f6 0101     		.2byte	0x101
 509 01f8 8D000000 		.4byte	0x8d
 510 01fc 4D000000 		.4byte	.LLST2
 511 0200 16       		.uleb128 0x16
 512 0201 64000000 		.4byte	.LBB3
 513 0205 1C000000 		.4byte	.LBE3-.LBB3
 514 0209 15       		.uleb128 0x15
 515 020a 6D7300   		.ascii	"ms\000"
 516 020d 01       		.byte	0x1
 517 020e 0601     		.2byte	0x106
 518 0210 18020000 		.4byte	0x218
 519 0214 77000000 		.4byte	.LLST3
 520 0218 17       		.uleb128 0x17
 521 0219 04       		.byte	0x4
 522 021a D7010000 		.4byte	0x1d7
 523 021e 0A       		.uleb128 0xa
 524 021f 80000000 		.4byte	.LVL8
 525 0223 E1000000 		.4byte	0xe1
 526 0227 0B       		.uleb128 0xb
 527 0228 01       		.uleb128 0x1
 528 0229 51       		.byte	0x51
 529 022a 15       		.uleb128 0x15
 530 022b 74       		.byte	0x74
 531 022c 00       		.sleb128 0
 532 022d 31       		.byte	0x31
 533 022e 24       		.byte	0x24
 534 022f 74       		.byte	0x74
 535 0230 00       		.sleb128 0
 536 0231 22       		.byte	0x22
 537 0232 31       		.byte	0x31
 538 0233 24       		.byte	0x24
 539 0234 03       		.byte	0x3
 540 0235 04000000 		.4byte	.LANCHOR0+4
 541 0239 22       		.byte	0x22
 542 023a 94       		.byte	0x94
 543 023b 02       		.byte	0x2
 544 023c 0A       		.byte	0xa
 545 023d FFFF     		.2byte	0xffff
 546 023f 1A       		.byte	0x1a
 547 0240 00       		.byte	0
 548 0241 00       		.byte	0
 549 0242 00       		.byte	0
 550 0243 18       		.uleb128 0x18
 551 0244 CE000000 		.4byte	.LVL11
 552 0248 2E010000 		.4byte	0x12e
 553 024c 00       		.byte	0
ARM GAS  C:\Users\jzapn\AppData\Local\Temp\ccibSckc.s 			page 16


 554 024d 19       		.uleb128 0x19
 555 024e 8A000000 		.4byte	.LASF33
 556 0252 8A000000 		.4byte	.LASF33
 557 0256 1A       		.uleb128 0x1a
 558 0257 D6010000 		.4byte	.LASF26
 559 025b D6010000 		.4byte	.LASF26
 560 025f 04       		.byte	0x4
 561 0260 6C       		.byte	0x6c
 562 0261 1A       		.uleb128 0x1a
 563 0262 0D000000 		.4byte	.LASF27
 564 0266 0D000000 		.4byte	.LASF27
 565 026a 04       		.byte	0x4
 566 026b D0       		.byte	0xd0
 567 026c 1A       		.uleb128 0x1a
 568 026d 98000000 		.4byte	.LASF28
 569 0271 98000000 		.4byte	.LASF28
 570 0275 04       		.byte	0x4
 571 0276 D6       		.byte	0xd6
 572 0277 00       		.byte	0
 573              		.section	.debug_abbrev,"",%progbits
 574              	.Ldebug_abbrev0:
 575 0000 01       		.uleb128 0x1
 576 0001 11       		.uleb128 0x11
 577 0002 01       		.byte	0x1
 578 0003 25       		.uleb128 0x25
 579 0004 0E       		.uleb128 0xe
 580 0005 13       		.uleb128 0x13
 581 0006 0B       		.uleb128 0xb
 582 0007 03       		.uleb128 0x3
 583 0008 0E       		.uleb128 0xe
 584 0009 1B       		.uleb128 0x1b
 585 000a 0E       		.uleb128 0xe
 586 000b 55       		.uleb128 0x55
 587 000c 17       		.uleb128 0x17
 588 000d 11       		.uleb128 0x11
 589 000e 01       		.uleb128 0x1
 590 000f 10       		.uleb128 0x10
 591 0010 17       		.uleb128 0x17
 592 0011 00       		.byte	0
 593 0012 00       		.byte	0
 594 0013 02       		.uleb128 0x2
 595 0014 24       		.uleb128 0x24
 596 0015 00       		.byte	0
 597 0016 0B       		.uleb128 0xb
 598 0017 0B       		.uleb128 0xb
 599 0018 3E       		.uleb128 0x3e
 600 0019 0B       		.uleb128 0xb
 601 001a 03       		.uleb128 0x3
 602 001b 08       		.uleb128 0x8
 603 001c 00       		.byte	0
 604 001d 00       		.byte	0
 605 001e 03       		.uleb128 0x3
 606 001f 16       		.uleb128 0x16
 607 0020 00       		.byte	0
 608 0021 03       		.uleb128 0x3
 609 0022 0E       		.uleb128 0xe
 610 0023 3A       		.uleb128 0x3a
ARM GAS  C:\Users\jzapn\AppData\Local\Temp\ccibSckc.s 			page 17


 611 0024 0B       		.uleb128 0xb
 612 0025 3B       		.uleb128 0x3b
 613 0026 0B       		.uleb128 0xb
 614 0027 49       		.uleb128 0x49
 615 0028 13       		.uleb128 0x13
 616 0029 00       		.byte	0
 617 002a 00       		.byte	0
 618 002b 04       		.uleb128 0x4
 619 002c 24       		.uleb128 0x24
 620 002d 00       		.byte	0
 621 002e 0B       		.uleb128 0xb
 622 002f 0B       		.uleb128 0xb
 623 0030 3E       		.uleb128 0x3e
 624 0031 0B       		.uleb128 0xb
 625 0032 03       		.uleb128 0x3
 626 0033 0E       		.uleb128 0xe
 627 0034 00       		.byte	0
 628 0035 00       		.byte	0
 629 0036 05       		.uleb128 0x5
 630 0037 0F       		.uleb128 0xf
 631 0038 00       		.byte	0
 632 0039 0B       		.uleb128 0xb
 633 003a 0B       		.uleb128 0xb
 634 003b 00       		.byte	0
 635 003c 00       		.byte	0
 636 003d 06       		.uleb128 0x6
 637 003e 16       		.uleb128 0x16
 638 003f 00       		.byte	0
 639 0040 03       		.uleb128 0x3
 640 0041 0E       		.uleb128 0xe
 641 0042 3A       		.uleb128 0x3a
 642 0043 0B       		.uleb128 0xb
 643 0044 3B       		.uleb128 0x3b
 644 0045 05       		.uleb128 0x5
 645 0046 49       		.uleb128 0x49
 646 0047 13       		.uleb128 0x13
 647 0048 00       		.byte	0
 648 0049 00       		.byte	0
 649 004a 07       		.uleb128 0x7
 650 004b 35       		.uleb128 0x35
 651 004c 00       		.byte	0
 652 004d 49       		.uleb128 0x49
 653 004e 13       		.uleb128 0x13
 654 004f 00       		.byte	0
 655 0050 00       		.byte	0
 656 0051 08       		.uleb128 0x8
 657 0052 2E       		.uleb128 0x2e
 658 0053 01       		.byte	0x1
 659 0054 03       		.uleb128 0x3
 660 0055 0E       		.uleb128 0xe
 661 0056 3A       		.uleb128 0x3a
 662 0057 0B       		.uleb128 0xb
 663 0058 3B       		.uleb128 0x3b
 664 0059 0B       		.uleb128 0xb
 665 005a 27       		.uleb128 0x27
 666 005b 19       		.uleb128 0x19
 667 005c 11       		.uleb128 0x11
ARM GAS  C:\Users\jzapn\AppData\Local\Temp\ccibSckc.s 			page 18


 668 005d 01       		.uleb128 0x1
 669 005e 12       		.uleb128 0x12
 670 005f 06       		.uleb128 0x6
 671 0060 40       		.uleb128 0x40
 672 0061 18       		.uleb128 0x18
 673 0062 9742     		.uleb128 0x2117
 674 0064 19       		.uleb128 0x19
 675 0065 01       		.uleb128 0x1
 676 0066 13       		.uleb128 0x13
 677 0067 00       		.byte	0
 678 0068 00       		.byte	0
 679 0069 09       		.uleb128 0x9
 680 006a 05       		.uleb128 0x5
 681 006b 00       		.byte	0
 682 006c 03       		.uleb128 0x3
 683 006d 08       		.uleb128 0x8
 684 006e 3A       		.uleb128 0x3a
 685 006f 0B       		.uleb128 0xb
 686 0070 3B       		.uleb128 0x3b
 687 0071 0B       		.uleb128 0xb
 688 0072 49       		.uleb128 0x49
 689 0073 13       		.uleb128 0x13
 690 0074 02       		.uleb128 0x2
 691 0075 17       		.uleb128 0x17
 692 0076 00       		.byte	0
 693 0077 00       		.byte	0
 694 0078 0A       		.uleb128 0xa
 695 0079 898201   		.uleb128 0x4109
 696 007c 01       		.byte	0x1
 697 007d 11       		.uleb128 0x11
 698 007e 01       		.uleb128 0x1
 699 007f 31       		.uleb128 0x31
 700 0080 13       		.uleb128 0x13
 701 0081 00       		.byte	0
 702 0082 00       		.byte	0
 703 0083 0B       		.uleb128 0xb
 704 0084 8A8201   		.uleb128 0x410a
 705 0087 00       		.byte	0
 706 0088 02       		.uleb128 0x2
 707 0089 18       		.uleb128 0x18
 708 008a 9142     		.uleb128 0x2111
 709 008c 18       		.uleb128 0x18
 710 008d 00       		.byte	0
 711 008e 00       		.byte	0
 712 008f 0C       		.uleb128 0xc
 713 0090 898201   		.uleb128 0x4109
 714 0093 01       		.byte	0x1
 715 0094 11       		.uleb128 0x11
 716 0095 01       		.uleb128 0x1
 717 0096 31       		.uleb128 0x31
 718 0097 13       		.uleb128 0x13
 719 0098 01       		.uleb128 0x1
 720 0099 13       		.uleb128 0x13
 721 009a 00       		.byte	0
 722 009b 00       		.byte	0
 723 009c 0D       		.uleb128 0xd
 724 009d 2E       		.uleb128 0x2e
ARM GAS  C:\Users\jzapn\AppData\Local\Temp\ccibSckc.s 			page 19


 725 009e 01       		.byte	0x1
 726 009f 3F       		.uleb128 0x3f
 727 00a0 19       		.uleb128 0x19
 728 00a1 03       		.uleb128 0x3
 729 00a2 0E       		.uleb128 0xe
 730 00a3 3A       		.uleb128 0x3a
 731 00a4 0B       		.uleb128 0xb
 732 00a5 3B       		.uleb128 0x3b
 733 00a6 0B       		.uleb128 0xb
 734 00a7 27       		.uleb128 0x27
 735 00a8 19       		.uleb128 0x19
 736 00a9 11       		.uleb128 0x11
 737 00aa 01       		.uleb128 0x1
 738 00ab 12       		.uleb128 0x12
 739 00ac 06       		.uleb128 0x6
 740 00ad 40       		.uleb128 0x40
 741 00ae 18       		.uleb128 0x18
 742 00af 9742     		.uleb128 0x2117
 743 00b1 19       		.uleb128 0x19
 744 00b2 01       		.uleb128 0x1
 745 00b3 13       		.uleb128 0x13
 746 00b4 00       		.byte	0
 747 00b5 00       		.byte	0
 748 00b6 0E       		.uleb128 0xe
 749 00b7 0B       		.uleb128 0xb
 750 00b8 01       		.byte	0x1
 751 00b9 11       		.uleb128 0x11
 752 00ba 01       		.uleb128 0x1
 753 00bb 12       		.uleb128 0x12
 754 00bc 06       		.uleb128 0x6
 755 00bd 01       		.uleb128 0x1
 756 00be 13       		.uleb128 0x13
 757 00bf 00       		.byte	0
 758 00c0 00       		.byte	0
 759 00c1 0F       		.uleb128 0xf
 760 00c2 13       		.uleb128 0x13
 761 00c3 01       		.byte	0x1
 762 00c4 0B       		.uleb128 0xb
 763 00c5 0B       		.uleb128 0xb
 764 00c6 3A       		.uleb128 0x3a
 765 00c7 0B       		.uleb128 0xb
 766 00c8 3B       		.uleb128 0x3b
 767 00c9 0B       		.uleb128 0xb
 768 00ca 01       		.uleb128 0x1
 769 00cb 13       		.uleb128 0x13
 770 00cc 00       		.byte	0
 771 00cd 00       		.byte	0
 772 00ce 10       		.uleb128 0x10
 773 00cf 0D       		.uleb128 0xd
 774 00d0 00       		.byte	0
 775 00d1 03       		.uleb128 0x3
 776 00d2 0E       		.uleb128 0xe
 777 00d3 3A       		.uleb128 0x3a
 778 00d4 0B       		.uleb128 0xb
 779 00d5 3B       		.uleb128 0x3b
 780 00d6 0B       		.uleb128 0xb
 781 00d7 49       		.uleb128 0x49
ARM GAS  C:\Users\jzapn\AppData\Local\Temp\ccibSckc.s 			page 20


 782 00d8 13       		.uleb128 0x13
 783 00d9 38       		.uleb128 0x38
 784 00da 0B       		.uleb128 0xb
 785 00db 00       		.byte	0
 786 00dc 00       		.byte	0
 787 00dd 11       		.uleb128 0x11
 788 00de 01       		.uleb128 0x1
 789 00df 01       		.byte	0x1
 790 00e0 49       		.uleb128 0x49
 791 00e1 13       		.uleb128 0x13
 792 00e2 01       		.uleb128 0x1
 793 00e3 13       		.uleb128 0x13
 794 00e4 00       		.byte	0
 795 00e5 00       		.byte	0
 796 00e6 12       		.uleb128 0x12
 797 00e7 21       		.uleb128 0x21
 798 00e8 00       		.byte	0
 799 00e9 49       		.uleb128 0x49
 800 00ea 13       		.uleb128 0x13
 801 00eb 2F       		.uleb128 0x2f
 802 00ec 0B       		.uleb128 0xb
 803 00ed 00       		.byte	0
 804 00ee 00       		.byte	0
 805 00ef 13       		.uleb128 0x13
 806 00f0 26       		.uleb128 0x26
 807 00f1 00       		.byte	0
 808 00f2 49       		.uleb128 0x49
 809 00f3 13       		.uleb128 0x13
 810 00f4 00       		.byte	0
 811 00f5 00       		.byte	0
 812 00f6 14       		.uleb128 0x14
 813 00f7 34       		.uleb128 0x34
 814 00f8 00       		.byte	0
 815 00f9 03       		.uleb128 0x3
 816 00fa 0E       		.uleb128 0xe
 817 00fb 3A       		.uleb128 0x3a
 818 00fc 0B       		.uleb128 0xb
 819 00fd 3B       		.uleb128 0x3b
 820 00fe 0B       		.uleb128 0xb
 821 00ff 49       		.uleb128 0x49
 822 0100 13       		.uleb128 0x13
 823 0101 02       		.uleb128 0x2
 824 0102 18       		.uleb128 0x18
 825 0103 00       		.byte	0
 826 0104 00       		.byte	0
 827 0105 15       		.uleb128 0x15
 828 0106 34       		.uleb128 0x34
 829 0107 00       		.byte	0
 830 0108 03       		.uleb128 0x3
 831 0109 08       		.uleb128 0x8
 832 010a 3A       		.uleb128 0x3a
 833 010b 0B       		.uleb128 0xb
 834 010c 3B       		.uleb128 0x3b
 835 010d 05       		.uleb128 0x5
 836 010e 49       		.uleb128 0x49
 837 010f 13       		.uleb128 0x13
 838 0110 02       		.uleb128 0x2
ARM GAS  C:\Users\jzapn\AppData\Local\Temp\ccibSckc.s 			page 21


 839 0111 17       		.uleb128 0x17
 840 0112 00       		.byte	0
 841 0113 00       		.byte	0
 842 0114 16       		.uleb128 0x16
 843 0115 0B       		.uleb128 0xb
 844 0116 01       		.byte	0x1
 845 0117 11       		.uleb128 0x11
 846 0118 01       		.uleb128 0x1
 847 0119 12       		.uleb128 0x12
 848 011a 06       		.uleb128 0x6
 849 011b 00       		.byte	0
 850 011c 00       		.byte	0
 851 011d 17       		.uleb128 0x17
 852 011e 0F       		.uleb128 0xf
 853 011f 00       		.byte	0
 854 0120 0B       		.uleb128 0xb
 855 0121 0B       		.uleb128 0xb
 856 0122 49       		.uleb128 0x49
 857 0123 13       		.uleb128 0x13
 858 0124 00       		.byte	0
 859 0125 00       		.byte	0
 860 0126 18       		.uleb128 0x18
 861 0127 898201   		.uleb128 0x4109
 862 012a 00       		.byte	0
 863 012b 11       		.uleb128 0x11
 864 012c 01       		.uleb128 0x1
 865 012d 31       		.uleb128 0x31
 866 012e 13       		.uleb128 0x13
 867 012f 00       		.byte	0
 868 0130 00       		.byte	0
 869 0131 19       		.uleb128 0x19
 870 0132 2E       		.uleb128 0x2e
 871 0133 00       		.byte	0
 872 0134 3F       		.uleb128 0x3f
 873 0135 19       		.uleb128 0x19
 874 0136 3C       		.uleb128 0x3c
 875 0137 19       		.uleb128 0x19
 876 0138 6E       		.uleb128 0x6e
 877 0139 0E       		.uleb128 0xe
 878 013a 03       		.uleb128 0x3
 879 013b 0E       		.uleb128 0xe
 880 013c 00       		.byte	0
 881 013d 00       		.byte	0
 882 013e 1A       		.uleb128 0x1a
 883 013f 2E       		.uleb128 0x2e
 884 0140 00       		.byte	0
 885 0141 3F       		.uleb128 0x3f
 886 0142 19       		.uleb128 0x19
 887 0143 3C       		.uleb128 0x3c
 888 0144 19       		.uleb128 0x19
 889 0145 6E       		.uleb128 0x6e
 890 0146 0E       		.uleb128 0xe
 891 0147 03       		.uleb128 0x3
 892 0148 0E       		.uleb128 0xe
 893 0149 3A       		.uleb128 0x3a
 894 014a 0B       		.uleb128 0xb
 895 014b 3B       		.uleb128 0x3b
ARM GAS  C:\Users\jzapn\AppData\Local\Temp\ccibSckc.s 			page 22


 896 014c 0B       		.uleb128 0xb
 897 014d 00       		.byte	0
 898 014e 00       		.byte	0
 899 014f 00       		.byte	0
 900              		.section	.debug_loc,"",%progbits
 901              	.Ldebug_loc0:
 902              	.LLST0:
 903 0000 00000000 		.4byte	.LVL0
 904 0004 09000000 		.4byte	.LVL2-1
 905 0008 0100     		.2byte	0x1
 906 000a 50       		.byte	0x50
 907 000b 09000000 		.4byte	.LVL2-1
 908 000f 0C000000 		.4byte	.LFE0
 909 0013 0400     		.2byte	0x4
 910 0015 F3       		.byte	0xf3
 911 0016 01       		.uleb128 0x1
 912 0017 50       		.byte	0x50
 913 0018 9F       		.byte	0x9f
 914 0019 00000000 		.4byte	0
 915 001d 00000000 		.4byte	0
 916              	.LLST1:
 917 0021 00000000 		.4byte	.LVL0
 918 0025 06000000 		.4byte	.LVL1
 919 0029 0100     		.2byte	0x1
 920 002b 51       		.byte	0x51
 921 002c 06000000 		.4byte	.LVL1
 922 0030 09000000 		.4byte	.LVL2-1
 923 0034 0100     		.2byte	0x1
 924 0036 52       		.byte	0x52
 925 0037 09000000 		.4byte	.LVL2-1
 926 003b 0C000000 		.4byte	.LFE0
 927 003f 0400     		.2byte	0x4
 928 0041 F3       		.byte	0xf3
 929 0042 01       		.uleb128 0x1
 930 0043 51       		.byte	0x51
 931 0044 9F       		.byte	0x9f
 932 0045 00000000 		.4byte	0
 933 0049 00000000 		.4byte	0
 934              	.LLST2:
 935 004d 60000000 		.4byte	.LVL6
 936 0051 64000000 		.4byte	.LVL7
 937 0055 0200     		.2byte	0x2
 938 0057 30       		.byte	0x30
 939 0058 9F       		.byte	0x9f
 940 0059 64000000 		.4byte	.LVL7
 941 005d 82000000 		.4byte	.LVL9
 942 0061 0100     		.2byte	0x1
 943 0063 54       		.byte	0x54
 944 0064 84000000 		.4byte	.LVL10
 945 0068 CE000000 		.4byte	.LVL12
 946 006c 0100     		.2byte	0x1
 947 006e 54       		.byte	0x54
 948 006f 00000000 		.4byte	0
 949 0073 00000000 		.4byte	0
 950              	.LLST3:
 951 0077 64000000 		.4byte	.LVL7
 952 007b 82000000 		.4byte	.LVL9
ARM GAS  C:\Users\jzapn\AppData\Local\Temp\ccibSckc.s 			page 23


 953 007f 0B00     		.2byte	0xb
 954 0081 74       		.byte	0x74
 955 0082 00       		.sleb128 0
 956 0083 36       		.byte	0x36
 957 0084 1E       		.byte	0x1e
 958 0085 03       		.byte	0x3
 959 0086 00000000 		.4byte	cfg_memset_list.4847
 960 008a 22       		.byte	0x22
 961 008b 9F       		.byte	0x9f
 962 008c 82000000 		.4byte	.LVL9
 963 0090 84000000 		.4byte	.LVL10
 964 0094 0B00     		.2byte	0xb
 965 0096 74       		.byte	0x74
 966 0097 7F       		.sleb128 -1
 967 0098 36       		.byte	0x36
 968 0099 1E       		.byte	0x1e
 969 009a 03       		.byte	0x3
 970 009b 00000000 		.4byte	cfg_memset_list.4847
 971 009f 22       		.byte	0x22
 972 00a0 9F       		.byte	0x9f
 973 00a1 00000000 		.4byte	0
 974 00a5 00000000 		.4byte	0
 975              		.section	.debug_aranges,"",%progbits
 976 0000 2C000000 		.4byte	0x2c
 977 0004 0200     		.2byte	0x2
 978 0006 00000000 		.4byte	.Ldebug_info0
 979 000a 04       		.byte	0x4
 980 000b 00       		.byte	0
 981 000c 0000     		.2byte	0
 982 000e 0000     		.2byte	0
 983 0010 00000000 		.4byte	.LFB0
 984 0014 0C000000 		.4byte	.LFE0-.LFB0
 985 0018 00000000 		.4byte	.LFB3
 986 001c 5C000000 		.4byte	.LFE3-.LFB3
 987 0020 5C000000 		.4byte	.LFB5
 988 0024 9C000000 		.4byte	.LFE5-.LFB5
 989 0028 00000000 		.4byte	0
 990 002c 00000000 		.4byte	0
 991              		.section	.debug_ranges,"",%progbits
 992              	.Ldebug_ranges0:
 993 0000 00000000 		.4byte	.LFB0
 994 0004 0C000000 		.4byte	.LFE0
 995 0008 00000000 		.4byte	.LFB3
 996 000c 5C000000 		.4byte	.LFE3
 997 0010 5C000000 		.4byte	.LFB5
 998 0014 F8000000 		.4byte	.LFE5
 999 0018 00000000 		.4byte	0
 1000 001c 00000000 		.4byte	0
 1001              		.section	.debug_line,"",%progbits
 1002              	.Ldebug_line0:
 1003 0000 2B010000 		.section	.debug_str,"MS",%progbits,1
 1003      0200D600 
 1003      00000201 
 1003      FB0E0D00 
 1003      01010101 
 1004              	.LASF19:
 1005 0000 72656733 		.ascii	"reg32\000"
ARM GAS  C:\Users\jzapn\AppData\Local\Temp\ccibSckc.s 			page 24


 1005      3200
 1006              	.LASF12:
 1007 0006 73697A65 		.ascii	"size_t\000"
 1007      5F7400
 1008              	.LASF27:
 1009 000d 4379496E 		.ascii	"CyIntSetVector\000"
 1009      74536574 
 1009      56656374 
 1009      6F7200
 1010              	.LASF25:
 1011 001c 6366675F 		.ascii	"cfg_memset_list\000"
 1011      6D656D73 
 1011      65745F6C 
 1011      69737400 
 1012              	.LASF21:
 1013 002c 436C6F63 		.ascii	"ClockSetup\000"
 1013      6B536574 
 1013      757000
 1014              	.LASF6:
 1015 0037 73686F72 		.ascii	"short unsigned int\000"
 1015      7420756E 
 1015      7369676E 
 1015      65642069 
 1015      6E7400
 1016              	.LASF16:
 1017 004a 666C6F61 		.ascii	"float\000"
 1017      7400
 1018              	.LASF23:
 1019 0050 73697A65 		.ascii	"size\000"
 1019      00
 1020              	.LASF18:
 1021 0055 72656738 		.ascii	"reg8\000"
 1021      00
 1022              	.LASF8:
 1023 005a 6C6F6E67 		.ascii	"long unsigned int\000"
 1023      20756E73 
 1023      69676E65 
 1023      6420696E 
 1023      7400
 1024              	.LASF13:
 1025 006c 75696E74 		.ascii	"uint8\000"
 1025      3800
 1026              	.LASF20:
 1027 0072 43594D45 		.ascii	"CYMEMZERO\000"
 1027      4D5A4552 
 1027      4F00
 1028              	.LASF4:
 1029 007c 756E7369 		.ascii	"unsigned char\000"
 1029      676E6564 
 1029      20636861 
 1029      7200
 1030              	.LASF33:
 1031 008a 6D656D73 		.ascii	"memset\000"
 1031      657400
 1032              	.LASF17:
 1033 0091 646F7562 		.ascii	"double\000"
 1033      6C6500
ARM GAS  C:\Users\jzapn\AppData\Local\Temp\ccibSckc.s 			page 25


 1034              	.LASF28:
 1035 0098 4379496E 		.ascii	"CyIntEnable\000"
 1035      74456E61 
 1035      626C6500 
 1036              	.LASF14:
 1037 00a4 75696E74 		.ascii	"uint16\000"
 1037      313600
 1038              	.LASF15:
 1039 00ab 75696E74 		.ascii	"uint32\000"
 1039      333200
 1040              	.LASF0:
 1041 00b2 756E7369 		.ascii	"unsigned int\000"
 1041      676E6564 
 1041      20696E74 
 1041      00
 1042              	.LASF31:
 1043 00bf 443A5C45 		.ascii	"D:\\EE\\GitHub\\Psoc\\NeoPixel\\NeoPixel.cydsn\000"
 1043      455C4769 
 1043      74487562 
 1043      5C50736F 
 1043      635C4E65 
 1044              	.LASF22:
 1045 00e9 61646472 		.ascii	"address\000"
 1045      65737300 
 1046              	.LASF9:
 1047 00f1 6C6F6E67 		.ascii	"long long unsigned int\000"
 1047      206C6F6E 
 1047      6720756E 
 1047      7369676E 
 1047      65642069 
 1048              	.LASF29:
 1049 0108 474E5520 		.ascii	"GNU C11 5.4.1 20160609 (release) [ARM/embedded-5-br"
 1049      43313120 
 1049      352E342E 
 1049      31203230 
 1049      31363036 
 1050 013b 616E6368 		.ascii	"anch revision 237715] -mcpu=cortex-m0 -mthumb -g -O"
 1050      20726576 
 1050      6973696F 
 1050      6E203233 
 1050      37373135 
 1051 016e 67202D66 		.ascii	"g -ffunction-sections -ffat-lto-objects\000"
 1051      66756E63 
 1051      74696F6E 
 1051      2D736563 
 1051      74696F6E 
 1052              	.LASF24:
 1053 0196 6366675F 		.ascii	"cfg_memset_t\000"
 1053      6D656D73 
 1053      65745F74 
 1053      00
 1054              	.LASF10:
 1055 01a3 73697A65 		.ascii	"sizetype\000"
 1055      74797065 
 1055      00
 1056              	.LASF1:
 1057 01ac 6C6F6E67 		.ascii	"long long int\000"
ARM GAS  C:\Users\jzapn\AppData\Local\Temp\ccibSckc.s 			page 26


 1057      206C6F6E 
 1057      6720696E 
 1057      7400
 1058              	.LASF11:
 1059 01ba 63686172 		.ascii	"char\000"
 1059      00
 1060              	.LASF32:
 1061 01bf 63796669 		.ascii	"cyfitter_cfg\000"
 1061      74746572 
 1061      5F636667 
 1061      00
 1062              	.LASF5:
 1063 01cc 73686F72 		.ascii	"short int\000"
 1063      7420696E 
 1063      7400
 1064              	.LASF26:
 1065 01d6 43795379 		.ascii	"CySysClkWriteImoFreq\000"
 1065      73436C6B 
 1065      57726974 
 1065      65496D6F 
 1065      46726571 
 1066              	.LASF7:
 1067 01eb 6C6F6E67 		.ascii	"long int\000"
 1067      20696E74 
 1067      00
 1068              	.LASF2:
 1069 01f4 6C6F6E67 		.ascii	"long double\000"
 1069      20646F75 
 1069      626C6500 
 1070              	.LASF3:
 1071 0200 7369676E 		.ascii	"signed char\000"
 1071      65642063 
 1071      68617200 
 1072              	.LASF30:
 1073 020c 47656E65 		.ascii	"Generated_Source\\PSoC4\\cyfitter_cfg.c\000"
 1073      72617465 
 1073      645F536F 
 1073      75726365 
 1073      5C50536F 
 1074              		.ident	"GCC: (GNU Tools for ARM Embedded Processors) 5.4.1 20160609 (release) [ARM/embedded-5-bran
